// Jest Snapshot v1, https://goo.gl/fbAQLP

exports[`CityInput component CityInput component render renders properly 1`] = `ShallowWrapper {}`;
