// Jest Snapshot v1, https://goo.gl/fbAQLP

exports[`News component News component render renders properly 1`] = `ShallowWrapper {}`;
