// Jest Snapshot v1, https://goo.gl/fbAQLP

exports[`comparisonInfo component comparisonInfo component render renders properly 1`] = `ShallowWrapper {}`;
