// Jest Snapshot v1, https://goo.gl/fbAQLP

exports[`currentWeather component currentWeather component render renders properly 1`] = `ShallowWrapper {}`;
