// Jest Snapshot v1, https://goo.gl/fbAQLP

exports[`Header component Header component render renders properly 1`] = `ShallowWrapper {}`;
