// Jest Snapshot v1, https://goo.gl/fbAQLP

exports[`home component home component render renders properly 1`] = `ShallowWrapper {}`;
