// Jest Snapshot v1, https://goo.gl/fbAQLP

exports[`loading components loading full screen component render renders properly 1`] = `ShallowWrapper {}`;

exports[`loading components loading thin component render renders properly 1`] = `ShallowWrapper {}`;
