// Jest Snapshot v1, https://goo.gl/fbAQLP

exports[`weatherPage component weatherPage component render renders properly 1`] = `ReactWrapper {}`;
